2025-12-18 01:03:58,295 - INFO - Пользователь выбрал главный пункт меню: 1
2025-12-18 01:04:01,905 - INFO - Пользователь выбрал пункт меню task_1: 7
2025-12-18 01:04:01,906 - INFO - Неверный пункт меню
2025-12-18 01:04:31,305 - INFO - Пользователь выбрал пункт меню task_1: 1
2025-12-18 01:04:31,306 - INFO - Ввод массива вручную
2025-12-18 01:04:35,730 - ERROR - Ошибка ввода: Массив не может быть пустым
2025-12-18 01:04:35,731 - INFO - Ввод массива вручную
2025-12-18 01:04:35,731 - ERROR - Ошибка ввода: Массив не может быть пустым
2025-12-18 01:04:35,731 - ERROR - Ошибка ручного ввода: Ввод массивов не удался
2025-12-18 01:04:40,994 - INFO - Пользователь выбрал пункт меню task_1: 2
2025-12-18 01:04:45,403 - INFO - Генерация случайного массива
2025-12-18 01:04:45,403 - ERROR - Ошибка генерации массива: Размер массива должен быть положительным числом
2025-12-18 01:04:45,403 - INFO - Генерация случайного массива
2025-12-18 01:04:45,403 - ERROR - Ошибка генерации массива: Размер массива должен быть положительным числом
2025-12-18 01:04:45,403 - ERROR - Ошибка генерации массивов: Генерация массивов не удалась
2025-12-18 01:04:55,189 - INFO - Пользователь выбрал пункт меню task_1: 3
2025-12-18 01:04:55,189 - INFO - Подсчёт выполнен
2025-12-18 01:05:10,737 - INFO - Пользователь выбрал пункт меню task_1: 4
2025-12-18 01:05:10,738 - INFO - Результат выведен
2025-12-18 01:05:15,485 - INFO - Пользователь выбрал пункт меню task_1: 5
2025-12-18 01:05:15,487 - INFO - Возврат в главное меню
2025-12-18 01:05:17,860 - INFO - Пользователь выбрал главный пункт меню: 2
2025-12-18 01:05:31,934 - INFO - Пользователь выбрал пункт меню task_2: 1
2025-12-18 01:05:34,195 - INFO - Ввод массива вручную
2025-12-18 01:05:37,386 - ERROR - Ошибка ввода: Количество введённых чисел (3) не совпадает с заданным размером (2)
2025-12-18 01:05:37,386 - INFO - Ввод массива вручную
2025-12-18 01:05:41,231 - INFO - Ввод массива вручную
2025-12-18 01:05:44,169 - ERROR - Ошибка ручного ввода: Ввод массивов не удался
2025-12-18 01:06:04,186 - INFO - Пользователь выбрал пункт меню task_2: 4
2025-12-18 01:06:05,938 - INFO - Пользователь выбрал пункт меню task_2: 5
2025-12-18 01:06:05,938 - INFO - Возврат в главное меню
2025-12-18 01:06:08,181 - INFO - Пользователь выбрал главный пункт меню: 3
2025-12-18 01:06:25,653 - INFO - Пользователь выбрал пункт меню task_3: 3
2025-12-18 01:06:25,654 - ERROR - Ошибка при выводе: Массивы ещё не введены или не сгенерированы
2025-12-18 01:06:31,982 - INFO - Пользователь выбрал пункт меню task_3: 6
2025-12-18 01:06:31,983 - INFO - Неверный пункт меню
2025-12-18 01:06:35,332 - INFO - Пользователь выбрал пункт меню task_3: 5
2025-12-18 01:06:35,332 - CRITICAL - Установлен уровень CRITICAL
